Info: Starting: Create block symbol file (.bsf)
Info: ip-generate --project-directory=E:/Line_Follwer_Robot_FPGA_Co_design-2_SDRAM/Line_Follwer_Robot_FPGA_Co_design-2_SDRAM/ --output-directory=E:/Line_Follwer_Robot_FPGA_Co_design-2_SDRAM/Line_Follwer_Robot_FPGA_Co_design-2_SDRAM/embedded_system/ --report-file=bsf:E:/Line_Follwer_Robot_FPGA_Co_design-2_SDRAM/Line_Follwer_Robot_FPGA_Co_design-2_SDRAM/embedded_system.bsf --system-info=DEVICE_FAMILY="Cyclone IV E" --system-info=DEVICE=EP4CE22F17C6 --system-info=DEVICE_SPEEDGRADE=6 --component-file=E:/Line_Follwer_Robot_FPGA_Co_design-2_SDRAM/Line_Follwer_Robot_FPGA_Co_design-2_SDRAM/embedded_system.qsys
Progress: Loading Line_Follwer_Robot_FPGA_Co_design-2_SDRAM/embedded_system.qsys
Progress: Reading input file
Progress: Adding clk_0 [clock_source 13.1]
Progress: Parameterizing module clk_0
Progress: Adding nios2_qsys_0 [altera_nios2_qsys 13.1]
Progress: Parameterizing module nios2_qsys_0
Progress: Adding Onchip_memory2_0 [altera_avalon_onchip_memory2 13.1]
Progress: Parameterizing module Onchip_memory2_0
Progress: Adding INPUT [altera_avalon_pio 13.1]
Progress: Parameterizing module INPUT
Progress: Adding OUTPUT [altera_avalon_pio 13.1]
Progress: Parameterizing module OUTPUT
Progress: Adding JTAG_UART [altera_avalon_jtag_uart 13.1]
Progress: Parameterizing module JTAG_UART
Progress: Adding SDRAM [altera_avalon_new_sdram_controller 13.1]
Progress: Parameterizing module SDRAM
Progress: Adding reg16_avalon_interface_0 [reg16_avalon_interface 1.0]
Progress: Parameterizing module reg16_avalon_interface_0
Progress: Building connections
Progress: Parameterizing connections
Progress: Validating
Progress: Done reading input file
Info: embedded_system.INPUT: PIO inputs are not hardwired in test bench. Undefined values will be read from PIO inputs during simulation.
Info: ip-generate succeeded.
Info: Finished: Create block symbol file (.bsf)
Info: 
Info: Starting: Create HDL design files for synthesis
Info: ip-generate --project-directory=E:/Line_Follwer_Robot_FPGA_Co_design-2_SDRAM/Line_Follwer_Robot_FPGA_Co_design-2_SDRAM/ --output-directory=E:/Line_Follwer_Robot_FPGA_Co_design-2_SDRAM/Line_Follwer_Robot_FPGA_Co_design-2_SDRAM/embedded_system/synthesis/ --file-set=QUARTUS_SYNTH --report-file=html:E:/Line_Follwer_Robot_FPGA_Co_design-2_SDRAM/Line_Follwer_Robot_FPGA_Co_design-2_SDRAM/embedded_system.html --report-file=sopcinfo:E:/Line_Follwer_Robot_FPGA_Co_design-2_SDRAM/Line_Follwer_Robot_FPGA_Co_design-2_SDRAM/embedded_system.sopcinfo --report-file=cmp:E:/Line_Follwer_Robot_FPGA_Co_design-2_SDRAM/Line_Follwer_Robot_FPGA_Co_design-2_SDRAM/embedded_system.cmp --report-file=qip:E:/Line_Follwer_Robot_FPGA_Co_design-2_SDRAM/Line_Follwer_Robot_FPGA_Co_design-2_SDRAM/embedded_system/synthesis/embedded_system.qip --report-file=svd --report-file=regmap:E:/Line_Follwer_Robot_FPGA_Co_design-2_SDRAM/Line_Follwer_Robot_FPGA_Co_design-2_SDRAM/embedded_system/synthesis/embedded_system.regmap --report-file=debuginfo:E:/Line_Follwer_Robot_FPGA_Co_design-2_SDRAM/Line_Follwer_Robot_FPGA_Co_design-2_SDRAM/embedded_system/synthesis/embedded_system.debuginfo --system-info=DEVICE_FAMILY="Cyclone IV E" --system-info=DEVICE=EP4CE22F17C6 --system-info=DEVICE_SPEEDGRADE=6 --component-file=E:/Line_Follwer_Robot_FPGA_Co_design-2_SDRAM/Line_Follwer_Robot_FPGA_Co_design-2_SDRAM/embedded_system.qsys --language=VHDL
Progress: Loading Line_Follwer_Robot_FPGA_Co_design-2_SDRAM/embedded_system.qsys
Progress: Reading input file
Progress: Adding clk_0 [clock_source 13.1]
Progress: Parameterizing module clk_0
Progress: Adding nios2_qsys_0 [altera_nios2_qsys 13.1]
Progress: Parameterizing module nios2_qsys_0
Progress: Adding Onchip_memory2_0 [altera_avalon_onchip_memory2 13.1]
Progress: Parameterizing module Onchip_memory2_0
Progress: Adding INPUT [altera_avalon_pio 13.1]
Progress: Parameterizing module INPUT
Progress: Adding OUTPUT [altera_avalon_pio 13.1]
Progress: Parameterizing module OUTPUT
Progress: Adding JTAG_UART [altera_avalon_jtag_uart 13.1]
Progress: Parameterizing module JTAG_UART
Progress: Adding SDRAM [altera_avalon_new_sdram_controller 13.1]
Progress: Parameterizing module SDRAM
Progress: Adding reg16_avalon_interface_0 [reg16_avalon_interface 1.0]
Progress: Parameterizing module reg16_avalon_interface_0
Progress: Building connections
Progress: Parameterizing connections
Progress: Validating
Progress: Done reading input file
Info: embedded_system.INPUT: PIO inputs are not hardwired in test bench. Undefined values will be read from PIO inputs during simulation.
Info: embedded_system: Generating embedded_system "embedded_system" for QUARTUS_SYNTH
Info: pipeline_bridge_swap_transform: After transform: 8 modules, 31 connections
Info: No custom instruction connections, skipping transform 
Info: merlin_initial_interconnect_transform: After transform: 8 modules, 30 connections
Info: merlin_translator_transform: After transform: 17 modules, 65 connections
Info: merlin_domain_transform: After transform: 35 modules, 179 connections
Info: merlin_router_transform: After transform: 44 modules, 214 connections
Info: merlin_burst_transform: After transform: 46 modules, 221 connections
Info: merlin_network_to_switch_transform: After transform: 63 modules, 267 connections
Info: merlin_width_transform: After transform: 67 modules, 281 connections
Info: merlin_clock_and_reset_bridge_transform: After transform: 70 modules, 350 connections
Info: merlin_hierarchy_transform: After transform: 9 modules, 34 connections
Info: merlin_mm_transform: After transform: 9 modules, 34 connections
Info: merlin_interrupt_mapper_transform: After transform: 10 modules, 38 connections
Info: reset_adaptation_transform: After transform: 13 modules, 42 connections
Info: nios2_qsys_0: Starting RTL generation for module 'embedded_system_nios2_qsys_0'
Info: nios2_qsys_0:   Generation command is [exec C:/altera/13.1/quartus/bin/eperlcmd.exe -I C:/altera/13.1/quartus/bin/perl/lib -I C:/altera/13.1/quartus/sopc_builder/bin/europa -I C:/altera/13.1/quartus/sopc_builder/bin/perl_lib -I C:/altera/13.1/quartus/sopc_builder/bin -I C:/altera/13.1/quartus/../ip/altera/nios2_ip/altera_nios2/cpu_lib -I C:/altera/13.1/quartus/../ip/altera/nios2_ip/altera_nios2/nios_lib -I C:/altera/13.1/quartus/../ip/altera/nios2_ip/altera_nios2 -I C:/altera/13.1/quartus/../ip/altera/nios2_ip/altera_nios2 -- C:/altera/13.1/quartus/../ip/altera/nios2_ip/altera_nios2/generate_rtl.epl --name=embedded_system_nios2_qsys_0 --dir=C:/Users/oswal/AppData/Local/Temp/alt0585_5206598509610686713.dir/0002_nios2_qsys_0_gen/ --quartus_dir=C:/altera/13.1/quartus --verilog --config=C:/Users/oswal/AppData/Local/Temp/alt0585_5206598509610686713.dir/0002_nios2_qsys_0_gen//embedded_system_nios2_qsys_0_processor_configuration.pl  --do_build_sim=0  ]
Info: nios2_qsys_0: # 2026.05.12 11:27:37 (*) Starting Nios II generation
Info: nios2_qsys_0: # 2026.05.12 11:27:37 (*)   Checking for plaintext license.
Info: nios2_qsys_0: # 2026.05.12 11:27:38 (*)   Couldn't query license setup in Quartus directory C:/altera/13.1/quartus
Info: nios2_qsys_0: # 2026.05.12 11:27:38 (*)   Defaulting to contents of LM_LICENSE_FILE environment variable
Info: nios2_qsys_0: # 2026.05.12 11:27:38 (*)   LM_LICENSE_FILE environment variable is empty
Info: nios2_qsys_0: # 2026.05.12 11:27:38 (*)   Plaintext license not found.
Info: nios2_qsys_0: # 2026.05.12 11:27:38 (*)   No license required to generate encrypted Nios II/e.
Info: nios2_qsys_0: # 2026.05.12 11:27:38 (*)   Elaborating CPU configuration settings
Info: nios2_qsys_0: # 2026.05.12 11:27:38 (*)   Creating all objects for CPU
Info: nios2_qsys_0: # 2026.05.12 11:27:38 (*)   Generating RTL from CPU objects
Info: nios2_qsys_0: # 2026.05.12 11:27:38 (*)   Creating plain-text RTL
Info: nios2_qsys_0: # 2026.05.12 11:27:39 (*) Done Nios II generation
Info: nios2_qsys_0: Done RTL generation for module 'embedded_system_nios2_qsys_0'
Info: nios2_qsys_0: "embedded_system" instantiated altera_nios2_qsys "nios2_qsys_0"
Info: Onchip_memory2_0: Starting RTL generation for module 'embedded_system_Onchip_memory2_0'
Info: Onchip_memory2_0:   Generation command is [exec C:/altera/13.1/quartus/bin/perl/bin/perl.exe -I C:/altera/13.1/quartus/bin/perl/lib -I C:/altera/13.1/quartus/sopc_builder/bin/europa -I C:/altera/13.1/quartus/sopc_builder/bin/perl_lib -I C:/altera/13.1/quartus/sopc_builder/bin -I C:/altera/13.1/quartus/../ip/altera/sopc_builder_ip/common -I C:/altera/13.1/quartus/../ip/altera/sopc_builder_ip/altera_avalon_onchip_memory2 -- C:/altera/13.1/quartus/../ip/altera/sopc_builder_ip/altera_avalon_onchip_memory2/generate_rtl.pl --name=embedded_system_Onchip_memory2_0 --dir=C:/Users/oswal/AppData/Local/Temp/alt0585_5206598509610686713.dir/0003_Onchip_memory2_0_gen/ --quartus_dir=C:/altera/13.1/quartus --verilog --config=C:/Users/oswal/AppData/Local/Temp/alt0585_5206598509610686713.dir/0003_Onchip_memory2_0_gen//embedded_system_Onchip_memory2_0_component_configuration.pl  --do_build_sim=0  ]
Info: Onchip_memory2_0: Done RTL generation for module 'embedded_system_Onchip_memory2_0'
Info: Onchip_memory2_0: "embedded_system" instantiated altera_avalon_onchip_memory2 "Onchip_memory2_0"
Info: INPUT: Starting RTL generation for module 'embedded_system_INPUT'
Info: INPUT:   Generation command is [exec C:/altera/13.1/quartus/bin/perl/bin/perl.exe -I C:/altera/13.1/quartus/bin/perl/lib -I C:/altera/13.1/quartus/sopc_builder/bin/europa -I C:/altera/13.1/quartus/sopc_builder/bin/perl_lib -I C:/altera/13.1/quartus/sopc_builder/bin -I C:/altera/13.1/quartus/../ip/altera/sopc_builder_ip/common -I C:/altera/13.1/quartus/../ip/altera/sopc_builder_ip/altera_avalon_pio -- C:/altera/13.1/quartus/../ip/altera/sopc_builder_ip/altera_avalon_pio/generate_rtl.pl --name=embedded_system_INPUT --dir=C:/Users/oswal/AppData/Local/Temp/alt0585_5206598509610686713.dir/0004_INPUT_gen/ --quartus_dir=C:/altera/13.1/quartus --verilog --config=C:/Users/oswal/AppData/Local/Temp/alt0585_5206598509610686713.dir/0004_INPUT_gen//embedded_system_INPUT_component_configuration.pl  --do_build_sim=0  ]
Info: INPUT: Done RTL generation for module 'embedded_system_INPUT'
Info: INPUT: "embedded_system" instantiated altera_avalon_pio "INPUT"
Info: OUTPUT: Starting RTL generation for module 'embedded_system_OUTPUT'
Info: OUTPUT:   Generation command is [exec C:/altera/13.1/quartus/bin/perl/bin/perl.exe -I C:/altera/13.1/quartus/bin/perl/lib -I C:/altera/13.1/quartus/sopc_builder/bin/europa -I C:/altera/13.1/quartus/sopc_builder/bin/perl_lib -I C:/altera/13.1/quartus/sopc_builder/bin -I C:/altera/13.1/quartus/../ip/altera/sopc_builder_ip/common -I C:/altera/13.1/quartus/../ip/altera/sopc_builder_ip/altera_avalon_pio -- C:/altera/13.1/quartus/../ip/altera/sopc_builder_ip/altera_avalon_pio/generate_rtl.pl --name=embedded_system_OUTPUT --dir=C:/Users/oswal/AppData/Local/Temp/alt0585_5206598509610686713.dir/0005_OUTPUT_gen/ --quartus_dir=C:/altera/13.1/quartus --verilog --config=C:/Users/oswal/AppData/Local/Temp/alt0585_5206598509610686713.dir/0005_OUTPUT_gen//embedded_system_OUTPUT_component_configuration.pl  --do_build_sim=0  ]
Info: OUTPUT: Done RTL generation for module 'embedded_system_OUTPUT'
Info: OUTPUT: "embedded_system" instantiated altera_avalon_pio "OUTPUT"
Info: JTAG_UART: Starting RTL generation for module 'embedded_system_JTAG_UART'
Info: JTAG_UART:   Generation command is [exec C:/altera/13.1/quartus/bin/perl/bin/perl.exe -I C:/altera/13.1/quartus/bin/perl/lib -I C:/altera/13.1/quartus/sopc_builder/bin/europa -I C:/altera/13.1/quartus/sopc_builder/bin/perl_lib -I C:/altera/13.1/quartus/sopc_builder/bin -I C:/altera/13.1/quartus/../ip/altera/sopc_builder_ip/common -I C:/altera/13.1/quartus/../ip/altera/sopc_builder_ip/altera_avalon_jtag_uart -- C:/altera/13.1/quartus/../ip/altera/sopc_builder_ip/altera_avalon_jtag_uart/generate_rtl.pl --name=embedded_system_JTAG_UART --dir=C:/Users/oswal/AppData/Local/Temp/alt0585_5206598509610686713.dir/0006_JTAG_UART_gen/ --quartus_dir=C:/altera/13.1/quartus --verilog --config=C:/Users/oswal/AppData/Local/Temp/alt0585_5206598509610686713.dir/0006_JTAG_UART_gen//embedded_system_JTAG_UART_component_configuration.pl  --do_build_sim=0  ]
Info: JTAG_UART: Done RTL generation for module 'embedded_system_JTAG_UART'
Info: JTAG_UART: "embedded_system" instantiated altera_avalon_jtag_uart "JTAG_UART"
Info: SDRAM: Starting RTL generation for module 'embedded_system_SDRAM'
Info: SDRAM:   Generation command is [exec C:/altera/13.1/quartus/bin/perl/bin/perl.exe -I C:/altera/13.1/quartus/bin/perl/lib -I C:/altera/13.1/quartus/sopc_builder/bin/europa -I C:/altera/13.1/quartus/sopc_builder/bin/perl_lib -I C:/altera/13.1/quartus/sopc_builder/bin -I C:/altera/13.1/quartus/../ip/altera/sopc_builder_ip/common -I C:/altera/13.1/quartus/../ip/altera/sopc_builder_ip/altera_avalon_new_sdram_controller -- C:/altera/13.1/quartus/../ip/altera/sopc_builder_ip/altera_avalon_new_sdram_controller/generate_rtl.pl --name=embedded_system_SDRAM --dir=C:/Users/oswal/AppData/Local/Temp/alt0585_5206598509610686713.dir/0007_SDRAM_gen/ --quartus_dir=C:/altera/13.1/quartus --verilog --config=C:/Users/oswal/AppData/Local/Temp/alt0585_5206598509610686713.dir/0007_SDRAM_gen//embedded_system_SDRAM_component_configuration.pl  --do_build_sim=0  ]
Info: SDRAM: Done RTL generation for module 'embedded_system_SDRAM'
Info: SDRAM: "embedded_system" instantiated altera_avalon_new_sdram_controller "SDRAM"
Info: reg16_avalon_interface_0: "embedded_system" instantiated reg16_avalon_interface "reg16_avalon_interface_0"
Info: pipeline_bridge_swap_transform: After transform: 62 modules, 204 connections
Info: No custom instruction connections, skipping transform 
Info: merlin_initial_interconnect_transform: After transform: 0 modules, 0 connections
Info: No Avalon connections, skipping transform 
Info: merlin_hierarchy_transform: After transform: 62 modules, 204 connections
Info: merlin_initial_interconnect_transform: After transform: 0 modules, 0 connections
Info: No Avalon connections, skipping transform 
Info: merlin_hierarchy_transform: After transform: 62 modules, 204 connections
Info: merlin_initial_interconnect_transform: After transform: 0 modules, 0 connections
Info: No Avalon connections, skipping transform 
Info: merlin_hierarchy_transform: After transform: 62 modules, 204 connections
Info: merlin_initial_interconnect_transform: After transform: 0 modules, 0 connections
Info: No Avalon connections, skipping transform 
Info: merlin_hierarchy_transform: After transform: 62 modules, 204 connections
Info: merlin_initial_interconnect_transform: After transform: 0 modules, 0 connections
Info: No Avalon connections, skipping transform 
Info: merlin_hierarchy_transform: After transform: 62 modules, 204 connections
Info: merlin_initial_interconnect_transform: After transform: 0 modules, 0 connections
Info: No Avalon connections, skipping transform 
Info: merlin_hierarchy_transform: After transform: 62 modules, 204 connections
Info: merlin_initial_interconnect_transform: After transform: 0 modules, 0 connections
Info: No Avalon connections, skipping transform 
Info: merlin_hierarchy_transform: After transform: 62 modules, 204 connections
Info: merlin_initial_interconnect_transform: After transform: 0 modules, 0 connections
Info: No Avalon connections, skipping transform 
Info: merlin_hierarchy_transform: After transform: 62 modules, 204 connections
Info: merlin_initial_interconnect_transform: After transform: 0 modules, 0 connections
Info: No Avalon connections, skipping transform 
Info: merlin_hierarchy_transform: After transform: 62 modules, 204 connections
Info: mm_interconnect_0: "embedded_system" instantiated altera_merlin_interconnect_wrapper "mm_interconnect_0"
Info: irq_mapper: "embedded_system" instantiated altera_irq_mapper "irq_mapper"
Info: rst_controller: "embedded_system" instantiated altera_reset_controller "rst_controller"
Info: nios2_qsys_0_instruction_master_translator: "mm_interconnect_0" instantiated altera_merlin_master_translator "nios2_qsys_0_instruction_master_translator"
Info: nios2_qsys_0_jtag_debug_module_translator: "mm_interconnect_0" instantiated altera_merlin_slave_translator "nios2_qsys_0_jtag_debug_module_translator"
Info: nios2_qsys_0_instruction_master_translator_avalon_universal_master_0_agent: "mm_interconnect_0" instantiated altera_merlin_master_agent "nios2_qsys_0_instruction_master_translator_avalon_universal_master_0_agent"
Info: nios2_qsys_0_jtag_debug_module_translator_avalon_universal_slave_0_agent: "mm_interconnect_0" instantiated altera_merlin_slave_agent "nios2_qsys_0_jtag_debug_module_translator_avalon_universal_slave_0_agent"
Info: nios2_qsys_0_jtag_debug_module_translator_avalon_universal_slave_0_agent_rsp_fifo: "mm_interconnect_0" instantiated altera_avalon_sc_fifo "nios2_qsys_0_jtag_debug_module_translator_avalon_universal_slave_0_agent_rsp_fifo"
Info: addr_router: "mm_interconnect_0" instantiated altera_merlin_router "addr_router"
Info: addr_router_001: "mm_interconnect_0" instantiated altera_merlin_router "addr_router_001"
Info: id_router: "mm_interconnect_0" instantiated altera_merlin_router "id_router"
Info: id_router_002: "mm_interconnect_0" instantiated altera_merlin_router "id_router_002"
Info: id_router_003: "mm_interconnect_0" instantiated altera_merlin_router "id_router_003"
Info: id_router_006: "mm_interconnect_0" instantiated altera_merlin_router "id_router_006"
Info: burst_adapter: "mm_interconnect_0" instantiated altera_merlin_burst_adapter "burst_adapter"
Info: cmd_xbar_demux: "mm_interconnect_0" instantiated altera_merlin_demultiplexer "cmd_xbar_demux"
Info: cmd_xbar_demux_001: "mm_interconnect_0" instantiated altera_merlin_demultiplexer "cmd_xbar_demux_001"
Info: cmd_xbar_mux: "mm_interconnect_0" instantiated altera_merlin_multiplexer "cmd_xbar_mux"
Info: cmd_xbar_mux_003: "mm_interconnect_0" instantiated altera_merlin_multiplexer "cmd_xbar_mux_003"
Info: Reusing file E:/Line_Follwer_Robot_FPGA_Co_design-2_SDRAM/Line_Follwer_Robot_FPGA_Co_design-2_SDRAM/embedded_system/synthesis/submodules/altera_merlin_arbitrator.sv
Info: rsp_xbar_demux: "mm_interconnect_0" instantiated altera_merlin_demultiplexer "rsp_xbar_demux"
Info: rsp_xbar_demux_003: "mm_interconnect_0" instantiated altera_merlin_demultiplexer "rsp_xbar_demux_003"
Info: rsp_xbar_mux: "mm_interconnect_0" instantiated altera_merlin_multiplexer "rsp_xbar_mux"
Info: Reusing file E:/Line_Follwer_Robot_FPGA_Co_design-2_SDRAM/Line_Follwer_Robot_FPGA_Co_design-2_SDRAM/embedded_system/synthesis/submodules/altera_merlin_arbitrator.sv
Info: rsp_xbar_mux_001: "mm_interconnect_0" instantiated altera_merlin_multiplexer "rsp_xbar_mux_001"
Info: Reusing file E:/Line_Follwer_Robot_FPGA_Co_design-2_SDRAM/Line_Follwer_Robot_FPGA_Co_design-2_SDRAM/embedded_system/synthesis/submodules/altera_merlin_arbitrator.sv
Info: width_adapter: "mm_interconnect_0" instantiated altera_merlin_width_adapter "width_adapter"
Info: Reusing file E:/Line_Follwer_Robot_FPGA_Co_design-2_SDRAM/Line_Follwer_Robot_FPGA_Co_design-2_SDRAM/embedded_system/synthesis/submodules/altera_merlin_address_alignment.sv
Info: Reusing file E:/Line_Follwer_Robot_FPGA_Co_design-2_SDRAM/Line_Follwer_Robot_FPGA_Co_design-2_SDRAM/embedded_system/synthesis/submodules/altera_merlin_burst_uncompressor.sv
Info: embedded_system: Done "embedded_system" with 32 modules, 50 files, 1179005 bytes
Info: ip-generate succeeded.
Info: Finished: Create HDL design files for synthesis
