Info: Starting: Create block symbol file (.bsf)
Info: ip-generate --project-directory=C:/Users/oswal/OneDrive/Desktop/Projet_Polytech/System_Onship/Branche_V1/projet_v1/hardware/ --output-directory=C:/Users/oswal/OneDrive/Desktop/Projet_Polytech/System_Onship/Branche_V1/projet_v1/hardware/niosII_v1/ --report-file=bsf:C:/Users/oswal/OneDrive/Desktop/Projet_Polytech/System_Onship/Branche_V1/projet_v1/hardware/niosII_v1.bsf --system-info=DEVICE_FAMILY="Cyclone IV E" --system-info=DEVICE=EP4CE22F17C6 --system-info=DEVICE_SPEEDGRADE=6 --component-file=C:/Users/oswal/OneDrive/Desktop/Projet_Polytech/System_Onship/Branche_V1/projet_v1/hardware/niosII_v1.qsys
Progress: Loading hardware/niosII_v1.qsys
Progress: Reading input file
Progress: Adding clk_0 [clock_source 13.1]
Progress: Parameterizing module clk_0
Progress: Adding onchip_memory [altera_avalon_onchip_memory2 13.1]
Progress: Parameterizing module onchip_memory
Progress: Adding switches [altera_avalon_pio 13.1]
Progress: Parameterizing module switches
Progress: Adding leds [altera_avalon_pio 13.1]
Progress: Parameterizing module leds
Progress: Adding nios2_qsys_0 [altera_nios2_qsys 13.1]
Progress: Parameterizing module nios2_qsys_0
Progress: Adding jtag_uart_0 [altera_avalon_jtag_uart 13.1]
Progress: Parameterizing module jtag_uart_0
Progress: Adding sdram [altera_avalon_new_sdram_controller 13.1]
Progress: Parameterizing module sdram
Progress: Adding clocks [altera_up_clocks 13.0]
Progress: Parameterizing module clocks
Progress: Adding Myxor_0 [Myxor 1.0]
Progress: Parameterizing module Myxor_0
Progress: Adding timer_0 [altera_avalon_timer 13.1]
Progress: Parameterizing module timer_0
Progress: Adding PWM_avalon_interface_0 [PWM_avalon_interface 1.0]
Progress: Parameterizing module PWM_avalon_interface_0
Progress: Building connections
Progress: Parameterizing connections
Progress: Validating
Progress: Done reading input file
Info: niosII_v1.switches: PIO inputs are not hardwired in test bench. Undefined values will be read from PIO inputs during simulation.
Warning: niosII_v1.PWM_avalon_interface_0.clock: Interface has no signals
Warning: niosII_v1.PWM_avalon_interface_0.reset: Interface has no signals
Info: ip-generate succeeded.
Info: Finished: Create block symbol file (.bsf)
Info: 
Info: Starting: Create HDL design files for synthesis
Info: ip-generate --project-directory=C:/Users/oswal/OneDrive/Desktop/Projet_Polytech/System_Onship/Branche_V1/projet_v1/hardware/ --output-directory=C:/Users/oswal/OneDrive/Desktop/Projet_Polytech/System_Onship/Branche_V1/projet_v1/hardware/niosII_v1/synthesis/ --file-set=QUARTUS_SYNTH --report-file=html:C:/Users/oswal/OneDrive/Desktop/Projet_Polytech/System_Onship/Branche_V1/projet_v1/hardware/niosII_v1.html --report-file=sopcinfo:C:/Users/oswal/OneDrive/Desktop/Projet_Polytech/System_Onship/Branche_V1/projet_v1/hardware/niosII_v1.sopcinfo --report-file=cmp:C:/Users/oswal/OneDrive/Desktop/Projet_Polytech/System_Onship/Branche_V1/projet_v1/hardware/niosII_v1.cmp --report-file=qip:C:/Users/oswal/OneDrive/Desktop/Projet_Polytech/System_Onship/Branche_V1/projet_v1/hardware/niosII_v1/synthesis/niosII_v1.qip --report-file=svd --report-file=regmap:C:/Users/oswal/OneDrive/Desktop/Projet_Polytech/System_Onship/Branche_V1/projet_v1/hardware/niosII_v1/synthesis/niosII_v1.regmap --report-file=debuginfo:C:/Users/oswal/OneDrive/Desktop/Projet_Polytech/System_Onship/Branche_V1/projet_v1/hardware/niosII_v1/synthesis/niosII_v1.debuginfo --system-info=DEVICE_FAMILY="Cyclone IV E" --system-info=DEVICE=EP4CE22F17C6 --system-info=DEVICE_SPEEDGRADE=6 --component-file=C:/Users/oswal/OneDrive/Desktop/Projet_Polytech/System_Onship/Branche_V1/projet_v1/hardware/niosII_v1.qsys --language=VHDL
Progress: Loading hardware/niosII_v1.qsys
Progress: Reading input file
Progress: Adding clk_0 [clock_source 13.1]
Progress: Parameterizing module clk_0
Progress: Adding onchip_memory [altera_avalon_onchip_memory2 13.1]
Progress: Parameterizing module onchip_memory
Progress: Adding switches [altera_avalon_pio 13.1]
Progress: Parameterizing module switches
Progress: Adding leds [altera_avalon_pio 13.1]
Progress: Parameterizing module leds
Progress: Adding nios2_qsys_0 [altera_nios2_qsys 13.1]
Progress: Parameterizing module nios2_qsys_0
Progress: Adding jtag_uart_0 [altera_avalon_jtag_uart 13.1]
Progress: Parameterizing module jtag_uart_0
Progress: Adding sdram [altera_avalon_new_sdram_controller 13.1]
Progress: Parameterizing module sdram
Progress: Adding clocks [altera_up_clocks 13.0]
Progress: Parameterizing module clocks
Progress: Adding Myxor_0 [Myxor 1.0]
Progress: Parameterizing module Myxor_0
Progress: Adding timer_0 [altera_avalon_timer 13.1]
Progress: Parameterizing module timer_0
Progress: Adding PWM_avalon_interface_0 [PWM_avalon_interface 1.0]
Progress: Parameterizing module PWM_avalon_interface_0
Progress: Building connections
Progress: Parameterizing connections
Progress: Validating
Progress: Done reading input file
Info: niosII_v1.switches: PIO inputs are not hardwired in test bench. Undefined values will be read from PIO inputs during simulation.
Warning: niosII_v1.PWM_avalon_interface_0.clock: Interface has no signals
Warning: niosII_v1.PWM_avalon_interface_0.reset: Interface has no signals
Info: niosII_v1: Generating niosII_v1 "niosII_v1" for QUARTUS_SYNTH
Info: pipeline_bridge_swap_transform: After transform: 11 modules, 42 connections
Info: merlin_custom_instruction_transform: After transform: 14 modules, 45 connections
Info: merlin_initial_interconnect_transform: After transform: 10 modules, 34 connections
Info: merlin_translator_transform: After transform: 20 modules, 73 connections
Info: merlin_domain_transform: After transform: 41 modules, 204 connections
Info: merlin_router_transform: After transform: 51 modules, 243 connections
Info: merlin_burst_transform: After transform: 54 modules, 254 connections
Info: merlin_network_to_switch_transform: After transform: 73 modules, 305 connections
Info: merlin_width_transform: After transform: 79 modules, 327 connections
Info: Inserting clock-crossing logic between cmd_xbar_demux_001.src7 and cmd_xbar_mux_007.sink0
Info: Inserting clock-crossing logic between rsp_xbar_demux_007.src0 and rsp_xbar_mux_001.sink7
Info: com_altera_sopcmodel_transforms_avalon_ClockCrossingTransform: After transform: 81 modules, 339 connections
Info: merlin_clock_and_reset_bridge_transform: After transform: 85 modules, 424 connections
Info: merlin_hierarchy_transform: After transform: 15 modules, 49 connections
Info: merlin_mm_transform: After transform: 15 modules, 49 connections
Info: merlin_interrupt_mapper_transform: After transform: 16 modules, 53 connections
Info: reset_adaptation_transform: After transform: 20 modules, 59 connections
Warning: niosII_v1: "No matching role found for clk_0:clk:clk_out (clk)"
Warning: niosII_v1: "No matching role found for nios2_qsys_0:custom_instruction_master:E_ci_multi_clock (clk)"
Warning: niosII_v1: "No matching role found for nios2_qsys_0:custom_instruction_master:E_ci_multi_reset_req (reset_req)"
Warning: niosII_v1: "No matching role found for nios2_qsys_0:custom_instruction_master:E_ci_multi_reset (reset)"
Warning: niosII_v1: "No matching role found for nios2_qsys_0_custom_instruction_master_translator:ci_slave:ci_slave_ipending (ipending)"
Warning: niosII_v1: "No matching role found for nios2_qsys_0_custom_instruction_master_translator:ci_slave:ci_slave_estatus (estatus)"
Warning: niosII_v1: "No matching role found for rst_controller_002:reset_out:reset_out (reset)"
Info: onchip_memory: Starting RTL generation for module 'niosII_v1_onchip_memory'
Info: onchip_memory:   Generation command is [exec C:/altera/13.1/quartus/bin/perl/bin/perl.exe -I C:/altera/13.1/quartus/bin/perl/lib -I C:/altera/13.1/quartus/sopc_builder/bin/europa -I C:/altera/13.1/quartus/sopc_builder/bin/perl_lib -I C:/altera/13.1/quartus/sopc_builder/bin -I C:/altera/13.1/quartus/../ip/altera/sopc_builder_ip/common -I C:/altera/13.1/quartus/../ip/altera/sopc_builder_ip/altera_avalon_onchip_memory2 -- C:/altera/13.1/quartus/../ip/altera/sopc_builder_ip/altera_avalon_onchip_memory2/generate_rtl.pl --name=niosII_v1_onchip_memory --dir=C:/Users/oswal/AppData/Local/Temp/alt0591_3013028658110701127.dir/0037_onchip_memory_gen/ --quartus_dir=C:/altera/13.1/quartus --verilog --config=C:/Users/oswal/AppData/Local/Temp/alt0591_3013028658110701127.dir/0037_onchip_memory_gen//niosII_v1_onchip_memory_component_configuration.pl  --do_build_sim=0  ]
Info: onchip_memory: Done RTL generation for module 'niosII_v1_onchip_memory'
Info: onchip_memory: "niosII_v1" instantiated altera_avalon_onchip_memory2 "onchip_memory"
Info: switches: Starting RTL generation for module 'niosII_v1_switches'
Info: switches:   Generation command is [exec C:/altera/13.1/quartus/bin/perl/bin/perl.exe -I C:/altera/13.1/quartus/bin/perl/lib -I C:/altera/13.1/quartus/sopc_builder/bin/europa -I C:/altera/13.1/quartus/sopc_builder/bin/perl_lib -I C:/altera/13.1/quartus/sopc_builder/bin -I C:/altera/13.1/quartus/../ip/altera/sopc_builder_ip/common -I C:/altera/13.1/quartus/../ip/altera/sopc_builder_ip/altera_avalon_pio -- C:/altera/13.1/quartus/../ip/altera/sopc_builder_ip/altera_avalon_pio/generate_rtl.pl --name=niosII_v1_switches --dir=C:/Users/oswal/AppData/Local/Temp/alt0591_3013028658110701127.dir/0038_switches_gen/ --quartus_dir=C:/altera/13.1/quartus --verilog --config=C:/Users/oswal/AppData/Local/Temp/alt0591_3013028658110701127.dir/0038_switches_gen//niosII_v1_switches_component_configuration.pl  --do_build_sim=0  ]
Info: switches: Done RTL generation for module 'niosII_v1_switches'
Info: switches: "niosII_v1" instantiated altera_avalon_pio "switches"
Info: leds: Starting RTL generation for module 'niosII_v1_leds'
Info: leds:   Generation command is [exec C:/altera/13.1/quartus/bin/perl/bin/perl.exe -I C:/altera/13.1/quartus/bin/perl/lib -I C:/altera/13.1/quartus/sopc_builder/bin/europa -I C:/altera/13.1/quartus/sopc_builder/bin/perl_lib -I C:/altera/13.1/quartus/sopc_builder/bin -I C:/altera/13.1/quartus/../ip/altera/sopc_builder_ip/common -I C:/altera/13.1/quartus/../ip/altera/sopc_builder_ip/altera_avalon_pio -- C:/altera/13.1/quartus/../ip/altera/sopc_builder_ip/altera_avalon_pio/generate_rtl.pl --name=niosII_v1_leds --dir=C:/Users/oswal/AppData/Local/Temp/alt0591_3013028658110701127.dir/0039_leds_gen/ --quartus_dir=C:/altera/13.1/quartus --verilog --config=C:/Users/oswal/AppData/Local/Temp/alt0591_3013028658110701127.dir/0039_leds_gen//niosII_v1_leds_component_configuration.pl  --do_build_sim=0  ]
Info: leds: Done RTL generation for module 'niosII_v1_leds'
Info: leds: "niosII_v1" instantiated altera_avalon_pio "leds"
Info: nios2_qsys_0: Starting RTL generation for module 'niosII_v1_nios2_qsys_0'
Info: nios2_qsys_0:   Generation command is [exec C:/altera/13.1/quartus/bin/eperlcmd.exe -I C:/altera/13.1/quartus/bin/perl/lib -I C:/altera/13.1/quartus/sopc_builder/bin/europa -I C:/altera/13.1/quartus/sopc_builder/bin/perl_lib -I C:/altera/13.1/quartus/sopc_builder/bin -I C:/altera/13.1/quartus/../ip/altera/nios2_ip/altera_nios2/cpu_lib -I C:/altera/13.1/quartus/../ip/altera/nios2_ip/altera_nios2/nios_lib -I C:/altera/13.1/quartus/../ip/altera/nios2_ip/altera_nios2 -I C:/altera/13.1/quartus/../ip/altera/nios2_ip/altera_nios2 -- C:/altera/13.1/quartus/../ip/altera/nios2_ip/altera_nios2/generate_rtl.epl --name=niosII_v1_nios2_qsys_0 --dir=C:/Users/oswal/AppData/Local/Temp/alt0591_3013028658110701127.dir/0040_nios2_qsys_0_gen/ --quartus_dir=C:/altera/13.1/quartus --verilog --config=C:/Users/oswal/AppData/Local/Temp/alt0591_3013028658110701127.dir/0040_nios2_qsys_0_gen//niosII_v1_nios2_qsys_0_processor_configuration.pl  --do_build_sim=0  ]
Info: nios2_qsys_0: # 2026.05.18 12:53:49 (*) Starting Nios II generation
Info: nios2_qsys_0: # 2026.05.18 12:53:49 (*)   Checking for plaintext license.
Info: nios2_qsys_0: # 2026.05.18 12:53:50 (*)   Couldn't query license setup in Quartus directory C:/altera/13.1/quartus
Info: nios2_qsys_0: # 2026.05.18 12:53:50 (*)   Defaulting to contents of LM_LICENSE_FILE environment variable
Info: nios2_qsys_0: # 2026.05.18 12:53:50 (*)   LM_LICENSE_FILE environment variable is empty
Info: nios2_qsys_0: # 2026.05.18 12:53:50 (*)   Plaintext license not found.
Info: nios2_qsys_0: # 2026.05.18 12:53:50 (*)   No license required to generate encrypted Nios II/e.
Info: nios2_qsys_0: # 2026.05.18 12:53:50 (*)   Elaborating CPU configuration settings
Info: nios2_qsys_0: # 2026.05.18 12:53:50 (*)   Creating all objects for CPU
Info: nios2_qsys_0: # 2026.05.18 12:53:52 (*)   Generating RTL from CPU objects
Info: nios2_qsys_0: # 2026.05.18 12:53:52 (*)   Creating plain-text RTL
Info: nios2_qsys_0: # 2026.05.18 12:53:54 (*) Done Nios II generation
Info: nios2_qsys_0: Done RTL generation for module 'niosII_v1_nios2_qsys_0'
Info: nios2_qsys_0: "niosII_v1" instantiated altera_nios2_qsys "nios2_qsys_0"
Info: jtag_uart_0: Starting RTL generation for module 'niosII_v1_jtag_uart_0'
Info: jtag_uart_0:   Generation command is [exec C:/altera/13.1/quartus/bin/perl/bin/perl.exe -I C:/altera/13.1/quartus/bin/perl/lib -I C:/altera/13.1/quartus/sopc_builder/bin/europa -I C:/altera/13.1/quartus/sopc_builder/bin/perl_lib -I C:/altera/13.1/quartus/sopc_builder/bin -I C:/altera/13.1/quartus/../ip/altera/sopc_builder_ip/common -I C:/altera/13.1/quartus/../ip/altera/sopc_builder_ip/altera_avalon_jtag_uart -- C:/altera/13.1/quartus/../ip/altera/sopc_builder_ip/altera_avalon_jtag_uart/generate_rtl.pl --name=niosII_v1_jtag_uart_0 --dir=C:/Users/oswal/AppData/Local/Temp/alt0591_3013028658110701127.dir/0041_jtag_uart_0_gen/ --quartus_dir=C:/altera/13.1/quartus --verilog --config=C:/Users/oswal/AppData/Local/Temp/alt0591_3013028658110701127.dir/0041_jtag_uart_0_gen//niosII_v1_jtag_uart_0_component_configuration.pl  --do_build_sim=0  ]
Info: jtag_uart_0: Done RTL generation for module 'niosII_v1_jtag_uart_0'
Info: jtag_uart_0: "niosII_v1" instantiated altera_avalon_jtag_uart "jtag_uart_0"
Info: sdram: Starting RTL generation for module 'niosII_v1_sdram'
Info: sdram:   Generation command is [exec C:/altera/13.1/quartus/bin/perl/bin/perl.exe -I C:/altera/13.1/quartus/bin/perl/lib -I C:/altera/13.1/quartus/sopc_builder/bin/europa -I C:/altera/13.1/quartus/sopc_builder/bin/perl_lib -I C:/altera/13.1/quartus/sopc_builder/bin -I C:/altera/13.1/quartus/../ip/altera/sopc_builder_ip/common -I C:/altera/13.1/quartus/../ip/altera/sopc_builder_ip/altera_avalon_new_sdram_controller -- C:/altera/13.1/quartus/../ip/altera/sopc_builder_ip/altera_avalon_new_sdram_controller/generate_rtl.pl --name=niosII_v1_sdram --dir=C:/Users/oswal/AppData/Local/Temp/alt0591_3013028658110701127.dir/0042_sdram_gen/ --quartus_dir=C:/altera/13.1/quartus --verilog --config=C:/Users/oswal/AppData/Local/Temp/alt0591_3013028658110701127.dir/0042_sdram_gen//niosII_v1_sdram_component_configuration.pl  --do_build_sim=0  ]
Info: sdram: Done RTL generation for module 'niosII_v1_sdram'
Info: sdram: "niosII_v1" instantiated altera_avalon_new_sdram_controller "sdram"
Info: clocks: Starting Generation of Required Clocks for DE-Series Boards
Info: clocks: "niosII_v1" instantiated altera_up_clocks "clocks"
Info: Myxor_0: "niosII_v1" instantiated Myxor "Myxor_0"
Info: timer_0: Starting RTL generation for module 'niosII_v1_timer_0'
Info: timer_0:   Generation command is [exec C:/altera/13.1/quartus/bin//perl/bin/perl.exe -I C:/altera/13.1/quartus/bin//perl/lib -I C:/altera/13.1/quartus/sopc_builder/bin/europa -I C:/altera/13.1/quartus/sopc_builder/bin/perl_lib -I C:/altera/13.1/quartus/sopc_builder/bin -I C:/altera/13.1/quartus/../ip/altera/sopc_builder_ip/common -I C:/altera/13.1/quartus/../ip/altera/sopc_builder_ip/altera_avalon_timer -- C:/altera/13.1/quartus/../ip/altera/sopc_builder_ip/altera_avalon_timer/generate_rtl.pl --name=niosII_v1_timer_0 --dir=C:/Users/oswal/AppData/Local/Temp/alt0591_3013028658110701127.dir/0045_timer_0_gen/ --quartus_dir=C:/altera/13.1/quartus --verilog --config=C:/Users/oswal/AppData/Local/Temp/alt0591_3013028658110701127.dir/0045_timer_0_gen//niosII_v1_timer_0_component_configuration.pl  --do_build_sim=0  ]
Info: timer_0: Done RTL generation for module 'niosII_v1_timer_0'
Info: timer_0: "niosII_v1" instantiated altera_avalon_timer "timer_0"
Info: PWM_avalon_interface_0: "niosII_v1" instantiated PWM_avalon_interface "PWM_avalon_interface_0"
Info: nios2_qsys_0_custom_instruction_master_translator: "niosII_v1" instantiated altera_customins_master_translator "nios2_qsys_0_custom_instruction_master_translator"
Info: nios2_qsys_0_custom_instruction_master_comb_xconnect: "niosII_v1" instantiated altera_customins_xconnect "nios2_qsys_0_custom_instruction_master_comb_xconnect"
Info: nios2_qsys_0_custom_instruction_master_comb_slave_translator0: "niosII_v1" instantiated altera_customins_slave_translator "nios2_qsys_0_custom_instruction_master_comb_slave_translator0"
Info: pipeline_bridge_swap_transform: After transform: 75 modules, 247 connections
Info: No custom instruction connections, skipping transform 
Info: merlin_initial_interconnect_transform: After transform: 0 modules, 0 connections
Info: No Avalon connections, skipping transform 
Info: merlin_hierarchy_transform: After transform: 75 modules, 247 connections
Info: merlin_initial_interconnect_transform: After transform: 0 modules, 0 connections
Info: No Avalon connections, skipping transform 
Info: merlin_hierarchy_transform: After transform: 75 modules, 247 connections
Info: merlin_initial_interconnect_transform: After transform: 0 modules, 0 connections
Info: No Avalon connections, skipping transform 
Info: merlin_hierarchy_transform: After transform: 75 modules, 247 connections
Info: merlin_initial_interconnect_transform: After transform: 0 modules, 0 connections
Info: No Avalon connections, skipping transform 
Info: merlin_hierarchy_transform: After transform: 75 modules, 247 connections
Info: merlin_initial_interconnect_transform: After transform: 0 modules, 0 connections
Info: No Avalon connections, skipping transform 
Info: merlin_hierarchy_transform: After transform: 75 modules, 247 connections
Info: merlin_initial_interconnect_transform: After transform: 0 modules, 0 connections
Info: No Avalon connections, skipping transform 
Info: merlin_hierarchy_transform: After transform: 75 modules, 247 connections
Info: merlin_initial_interconnect_transform: After transform: 0 modules, 0 connections
Info: No Avalon connections, skipping transform 
Info: merlin_hierarchy_transform: After transform: 75 modules, 247 connections
Info: merlin_initial_interconnect_transform: After transform: 0 modules, 0 connections
Info: No Avalon connections, skipping transform 
Info: merlin_hierarchy_transform: After transform: 75 modules, 247 connections
Info: merlin_initial_interconnect_transform: After transform: 0 modules, 0 connections
Info: No Avalon connections, skipping transform 
Info: merlin_hierarchy_transform: After transform: 75 modules, 247 connections
Info: merlin_initial_interconnect_transform: After transform: 0 modules, 0 connections
Info: No Avalon connections, skipping transform 
Info: merlin_hierarchy_transform: After transform: 75 modules, 247 connections
Info: mm_interconnect_0: "niosII_v1" instantiated altera_merlin_interconnect_wrapper "mm_interconnect_0"
Info: irq_mapper: "niosII_v1" instantiated altera_irq_mapper "irq_mapper"
Info: rst_controller: "niosII_v1" instantiated altera_reset_controller "rst_controller"
Info: nios2_qsys_0_instruction_master_translator: "mm_interconnect_0" instantiated altera_merlin_master_translator "nios2_qsys_0_instruction_master_translator"
Info: nios2_qsys_0_jtag_debug_module_translator: "mm_interconnect_0" instantiated altera_merlin_slave_translator "nios2_qsys_0_jtag_debug_module_translator"
Info: nios2_qsys_0_instruction_master_translator_avalon_universal_master_0_agent: "mm_interconnect_0" instantiated altera_merlin_master_agent "nios2_qsys_0_instruction_master_translator_avalon_universal_master_0_agent"
Info: nios2_qsys_0_jtag_debug_module_translator_avalon_universal_slave_0_agent: "mm_interconnect_0" instantiated altera_merlin_slave_agent "nios2_qsys_0_jtag_debug_module_translator_avalon_universal_slave_0_agent"
Info: nios2_qsys_0_jtag_debug_module_translator_avalon_universal_slave_0_agent_rsp_fifo: "mm_interconnect_0" instantiated altera_avalon_sc_fifo "nios2_qsys_0_jtag_debug_module_translator_avalon_universal_slave_0_agent_rsp_fifo"
Info: addr_router: "mm_interconnect_0" instantiated altera_merlin_router "addr_router"
Info: addr_router_001: "mm_interconnect_0" instantiated altera_merlin_router "addr_router_001"
Info: id_router: "mm_interconnect_0" instantiated altera_merlin_router "id_router"
Info: id_router_001: "mm_interconnect_0" instantiated altera_merlin_router "id_router_001"
Info: id_router_003: "mm_interconnect_0" instantiated altera_merlin_router "id_router_003"
Info: id_router_007: "mm_interconnect_0" instantiated altera_merlin_router "id_router_007"
Info: burst_adapter: "mm_interconnect_0" instantiated altera_merlin_burst_adapter "burst_adapter"
Info: cmd_xbar_demux: "mm_interconnect_0" instantiated altera_merlin_demultiplexer "cmd_xbar_demux"
Info: cmd_xbar_demux_001: "mm_interconnect_0" instantiated altera_merlin_demultiplexer "cmd_xbar_demux_001"
Info: cmd_xbar_mux: "mm_interconnect_0" instantiated altera_merlin_multiplexer "cmd_xbar_mux"
Info: cmd_xbar_mux_003: "mm_interconnect_0" instantiated altera_merlin_multiplexer "cmd_xbar_mux_003"
Info: Reusing file C:/Users/oswal/OneDrive/Desktop/Projet_Polytech/System_Onship/Branche_V1/projet_v1/hardware/niosII_v1/synthesis/submodules/altera_merlin_arbitrator.sv
Info: rsp_xbar_demux: "mm_interconnect_0" instantiated altera_merlin_demultiplexer "rsp_xbar_demux"
Info: rsp_xbar_demux_003: "mm_interconnect_0" instantiated altera_merlin_demultiplexer "rsp_xbar_demux_003"
Info: rsp_xbar_mux: "mm_interconnect_0" instantiated altera_merlin_multiplexer "rsp_xbar_mux"
Info: Reusing file C:/Users/oswal/OneDrive/Desktop/Projet_Polytech/System_Onship/Branche_V1/projet_v1/hardware/niosII_v1/synthesis/submodules/altera_merlin_arbitrator.sv
Info: rsp_xbar_mux_001: "mm_interconnect_0" instantiated altera_merlin_multiplexer "rsp_xbar_mux_001"
Info: Reusing file C:/Users/oswal/OneDrive/Desktop/Projet_Polytech/System_Onship/Branche_V1/projet_v1/hardware/niosII_v1/synthesis/submodules/altera_merlin_arbitrator.sv
Info: width_adapter: "mm_interconnect_0" instantiated altera_merlin_width_adapter "width_adapter"
Info: Reusing file C:/Users/oswal/OneDrive/Desktop/Projet_Polytech/System_Onship/Branche_V1/projet_v1/hardware/niosII_v1/synthesis/submodules/altera_merlin_address_alignment.sv
Info: Reusing file C:/Users/oswal/OneDrive/Desktop/Projet_Polytech/System_Onship/Branche_V1/projet_v1/hardware/niosII_v1/synthesis/submodules/altera_merlin_burst_uncompressor.sv
Info: crosser: "mm_interconnect_0" instantiated altera_avalon_st_handshake_clock_crosser "crosser"
Info: niosII_v1: Done "niosII_v1" with 39 modules, 61 files, 1368455 bytes
Info: ip-generate succeeded.
Info: Finished: Create HDL design files for synthesis
